// Jest Snapshot v1, https://goo.gl/fbAQLP

exports[`if dom manipulation view snapshot matches 1`] = `
<div>
  I could be a table
</div>
`;
